soumitty@Excalibur:~/web-ui$ ollama
Usage:
  ollama [flags]
  ollama [command]

Available Commands:
  serve       Start ollama
  create      Create a model from a Modelfile
  show        Show information for a model
  run         Run a model
  stop        Stop a running model
  pull        Pull a model from a registry
  push        Push a model to a registry
  list        List models
  ps          List running models
  cp          Copy a model
  rm          Remove a model
  help        Help about any command

Flags:
  -h, --help      help for ollama
  -v, --version   Show version information

Use "ollama [command] --help" for more information about a command.
soumitty@Excalibur:~/web-ui$ ollama ps
NAME             ID              SIZE      PROCESSOR         UNTIL              
gemma2:latest    ff02c3702f32    8.0 GB    9%/91% CPU/GPU    4 minutes from now    
soumitty@Excalibur:~/web-ui$ ollama list
NAME              ID              SIZE      MODIFIED      
deepseek-r1:8b    28f8fd6cdc67    4.9 GB    2 minutes ago    
gemma2:latest     ff02c3702f32    5.4 GB    2 minutes ago    
soumitty@Excalibur:~/web-ui$ ollama stop gemma2
soumitty@Excalibur:~/web-ui$ ollama stop deepseek-r1:8b
soumitty@Excalibur:~/web-ui$ ollama list
NAME              ID              SIZE      MODIFIED      
deepseek-r1:8b    28f8fd6cdc67    4.9 GB    2 minutes ago    
gemma2:latest     ff02c3702f32    5.4 GB    2 minutes ago    
soumitty@Excalibur:~/web-ui$ ollama ps
NAME    ID    SIZE    PROCESSOR    UNTIL 
soumitty@Excalibur:~/web-ui$ ollama create deepseek-r1:8b -f ./Modelfile
Error: (line 10): command must be one of "from", "license", "template", "system", "adapter", "parameter", or "message"
soumitty@Excalibur:~/web-ui$ ollama create deepseek-r1:8b -f ./Modelfile
gathering model components 
using existing layer sha256:6340dc3229b0d08ea9cc49b75d4098702983e17b4c096d57afbbf2ffc813f2be 
using existing layer sha256:369ca498f347f710d068cbb38bf0b8692dd3fa30f30ca2ff755e211c94768150 
using existing layer sha256:6e4c38e1172f42fdbff13edf9a7a017679fb82b0fde415a3e8b3c31c6ed4a4e4 
creating new layer sha256:8abcd7ee23614969ee94996461ac311f246248abdf32b132212cdf00087f72e9 
creating new layer sha256:2e418097d5ee9eeb8457e76e7d5e9381e7e29f867e1fac8c351cbbed39bdfba5 
writing manifest 
success 
soumitty@Excalibur:~/web-ui$ ollama show --modilefile
Error: unknown flag: --modilefile
soumitty@Excalibur:~/web-ui$ ollama show --modilefile deepseek-r1:8b
Error: unknown flag: --modilefile
soumitty@Excalibur:~/web-ui$ ollama show --modelefile deepseek-r1:8b
Error: unknown flag: --modelefile
soumitty@Excalibur:~/web-ui$ ollama show --modelfile deepseek-r1:8b
# Modelfile generated by "ollama show"
# To build a new Modelfile based on this, replace FROM with:
# FROM deepseek-r1:8b

FROM /usr/share/ollama/.ollama/models/blobs/sha256-6340dc3229b0d08ea9cc49b75d4098702983e17b4c096d57afbbf2ffc813f2be
TEMPLATE """{{- if .System }}{{ .System }}{{ end }}
{{- range $i, $_ := .Messages }}
{{- $last := eq (len (slice $.Messages $i)) 1}}
{{- if eq .Role "user" }}<｜User｜>{{ .Content }}
{{- else if eq .Role "assistant" }}<｜Assistant｜>{{ .Content }}{{- if not $last }}<｜end▁of▁sentence｜>{{- end }}
{{- end }}
{{- if and $last (ne .Role "assistant") }}<｜Assistant｜>{{- end }}
{{- end }}"""
SYSTEM You are a machine learning / AI / data scientist, respond in code
PARAMETER num_ctx 4096
PARAMETER stop <｜begin▁of▁sentence｜>
PARAMETER stop <｜end▁of▁sentence｜>
PARAMETER stop <｜User｜>
PARAMETER stop <｜Assistant｜>
PARAMETER temperature 0.3
LICENSE """MIT License

Copyright (c) 2023 DeepSeek

Permission is hereby granted, free of charge, to any person obtaining a copy
of this software and associated documentation files (the "Software"), to deal
in the Software without restriction, including without limitation the rights
to use, copy, modify, merge, publish, distribute, sublicense, and/or sell
copies of the Software, and to permit persons to whom the Software is
furnished to do so, subject to the following conditions:

The above copyright notice and this permission notice shall be included in all
copies or substantial portions of the Software.

THE SOFTWARE IS PROVIDED "AS IS", WITHOUT WARRANTY OF ANY KIND, EXPRESS OR
IMPLIED, INCLUDING BUT NOT LIMITED TO THE WARRANTIES OF MERCHANTABILITY,
FITNESS FOR A PARTICULAR PURPOSE AND NONINFRINGEMENT. IN NO EVENT SHALL THE
AUTHORS OR COPYRIGHT HOLDERS BE LIABLE FOR ANY CLAIM, DAMAGES OR OTHER
LIABILITY, WHETHER IN AN ACTION OF CONTRACT, TORT OR OTHERWISE, ARISING FROM,
OUT OF OR IN CONNECTION WITH THE SOFTWARE OR THE USE OR OTHER DEALINGS IN THE
SOFTWARE.
"""

// Note: The correct flag is --modelfile, not --modilefile or --modelefile.

soumitty@Excalibur:~/web-ui$ ollama create one -f ./Modelfile
gathering model components 
using existing layer sha256:6340dc3229b0d08ea9cc49b75d4098702983e17b4c096d57afbbf2ffc813f2be 
using existing layer sha256:369ca498f347f710d068cbb38bf0b8692dd3fa30f30ca2ff755e211c94768150 
using existing layer sha256:6e4c38e1172f42fdbff13edf9a7a017679fb82b0fde415a3e8b3c31c6ed4a4e4 
using existing layer sha256:8abcd7ee23614969ee94996461ac311f246248abdf32b132212cdf00087f72e9 
using existing layer sha256:2e418097d5ee9eeb8457e76e7d5e9381e7e29f867e1fac8c351cbbed39bdfba5 
writing manifest 
success 
soumitty@Excalibur:~/web-ui$ ollama run one
>>> Hello, can you help me write code for setting up a web ui agent?
<think>
Okay, the user is asking for help writing code to set up a web UI agent. I need to 
figure out what exactly they're looking for. Maybe they want a tool that allows them to 
interact with an AI through a web interface.

I should start by considering the technologies that would be best suited for this task. 
Since it's a web application, using JavaScript on the client side makes sense because 
it's widely used and has good support across browsers. For the AI part, Python is a 
solid choice because of its extensive libraries like TensorFlow and PyTorch.

Next, I'll outline the main components needed: a text input area for users to type 
their questions or prompts, a button to trigger the AI response, a display area to show 
the results, and a loading indicator so users know the AI is processing their request.

I should also think about how to structure the HTML. A simple layout with a container 
div, input field, button, result display, and loading spinner would work. Using CSS for 
styling will make it look clean and user-friendly.

For the JavaScript part, I'll need functions to handle sending the user's input to the 
AI. This means making an HTTP POST request to a backend server. But since the user 
might not have a backend set up yet, maybe I can simulate this with a simple server 
using Python's Flask or FastAPI. Alternatively, if they're looking for something more 
lightweight, using a local server with a simple API endpoint could suffice.

I should also include error handling and loading states to improve user experience. 
When the user clicks the button, the UI should indicate that it's processing, and then 
display the AI's response once received.

Another consideration is where to host this setup. If they're working locally, setting 
up a local server with Python would be straightforward. For deployment, using a cloud 
service like Heroku or AWS could be options, but that might be beyond the initial 
scope.

I should also mention libraries like Plotly for visualizing results if needed, and 
Flask for serving the web interface. This way, the user has all the necessary 
components laid out and can proceed with implementation.

Finally, I'll provide a step-by-step guide on how to run everything, including 
installing dependencies, setting up the server, and testing the UI. This makes it easy 
for the user to follow and get started quickly.
</think>

Creating a web UI agent involves building an interface that allows users to interact 
with AI models through a web browser. Here's a step-by-step code example using HTML, 
CSS, JavaScript, and Python (for handling AI interactions):

```html
<!DOCTYPE html>
<html lang="en">
<head>
    <meta charset="UTF-8">
    <meta name="viewport" content="width=device-width, initial-scale=1.0">
    <title>AI Text UI</title>
    <style>
        body {
            font-family: Arial, sans-serif;
            max-width: 800px;
            margin: 0 auto;
            padding: 20px;
            background-color: #f5f5f5;
        }

        .container {
            background-color: white;
            padding: 20px;
            border-radius: 10px;
            box-shadow: 0 0 10px rgba(0,0,0,0.1);
        }

        .input-field {
            width: 100%;
            height: 200px;
            margin-bottom: 20px;
            padding: 10px;
            border: 1px solid #ddd;
            border-radius: 5px;
            resize: vertical;
        }

        button {
            background-color: #4CAF50;
            color: white;
            padding: 12px 24px;
            border: none;
            border-radius: 5px;
            cursor: pointer;
            margin-bottom: 20px;
        }

        button:hover {
            background-color: #45a049;
        }

        .result {
            height: 200px;
            margin-top: 20px;
            padding: 10px;
            border: 1px solid #ddd;
            border-radius: 5px;
            overflow-y: auto;
        }

        .loading {
            display: none;
            color: #666;
            font-style: italic;
        }
    </style>
</head>
<body>
    <div class="container">
        <h2>AI Text Interface</h2>
        <textarea class="input-field" placeholder="Type your question or prompt 
here..."></textarea>
        <button onclick="handleSend()">Generate Response</button>
        <div id="result" class="result"></div>
        <div class="loading">Processing...</div>
    </div>

    <script>
        function handleSend() {
            const input = document.querySelector('.input-field').value;
            if (!input.trim()) {
                alert('Please enter a question or prompt');
                return;
            }

            // Show loading
            document.querySelector('.loading').style.display = 'block';
            document.getElementById('result').style.display = 'none';

            // Simulate AI response (replace this with actual API call)
            setTimeout(() => {
                const response = "This is a simulated response from the AI. In a real 
application, you would integrate this with an AI model like GPT-3 or similar.";
                document.getElementById('result').innerHTML = response;
                document.querySelector('.loading').style.display = 'none';
            }, 1500);
        }
    </script>
</body>
</html>
```

To make this work with an actual AI model, you'll need to:

1. Install a Python library for AI (e.g., `transformers` for Llama or `tensorflow`):
```bash
pip install transformers
```

2. Create a server endpoint that accepts text input and returns an AI response.

3. Modify the JavaScript code to send the input to your backend API and handle the 
response.

Here's how you can set up a simple Flask server:

```python
from flask import Flask, request, jsonify

app = Flask(__name__)

@app.route('/ai', methods=['POST'])
def handle_ai_request():
    input_text = request.json.get('text')
    # Use an AI model to generate a response (replace with actual implementation)
    response = "This is a simulated response. In a real application, you would use an 
AI model here."
    return jsonify({"response": response})

if __name__ == "__main__":
    app.run(debug=True)
```

To run this:
```bash
python app.py
```

Then, in your HTML/JavaScript code, replace the setTimeout with an actual API call to 
`/ai` and process the response.

This setup allows users to:
- Enter text in a textarea
- Click a button to generate an AI response
- See the response in a scrollable area below
- See a loading indicator while processing

You can customize the styling further, add more features, or integrate different AI 
models as needed.

>>> 
Use Ctrl + d or /bye to exit.
>>> 
soumitty@Excalibur:~/web-ui$ ollama serve
Couldn't find '/home/soumitty/.ollama/id_ed25519'. Generating new private key.
Your new public key is: 

ssh-ed25519 AAAAC3NzaC1lZDI1NTE5AAAAIBRnjARisD6dz2VI2NzDo7AVsvILuspLt08ZnqOs108M

Error: listen tcp 127.0.0.1:11434: bind: address already in use
soumitty@Excalibur:~/web-ui$ ollama serve
Error: listen tcp 127.0.0.1:11434: bind: address already in use
soumitty@Excalibur:~/web-ui$ ollama create one -f ./Modelfile

Error: (line 10): command must be one of "from", "license", "template", "system", "adapter", "parameter", or "message"
soumitty@Excalibur:~/web-ui$ ollama serve
Error: listen tcp 127.0.0.1:11434: bind: address already in use
soumitty@Excalibur:~/web-ui$ ollama run
Error: requires at least 1 arg(s), only received 0
soumitty@Excalibur:~/web-ui$ ollama run one
>>> ehlo
<think>
Okay, so I'm trying to figure out how to respond when someone says "ehlo." At first 
glance, it looks like a typo for "hello," but maybe there's more to it. Let me think 
about this.

First, the user wrote "ehlo" instead of "hello." That could be intentional, perhaps as 
a playful way to say hello using a slightly different spelling. Alternatively, it might 
just be a typo. I should consider both possibilities.

If it's a typo, then responding with "Hello!" makes sense because that's the standard 
greeting for "hello." But if they meant "ehlo" on purpose, maybe there's a deeper 
meaning or a specific reason behind it. Maybe in some contexts, "ehlo" has a particular 
significance, like a code word or part of a larger system.

I should also think about the context. The user mentioned being a machine 
learning/AI/data scientist, so perhaps they're testing something related to that field. 
Maybe "ehlo" is part of a command or a specific term in their work. Alternatively, it 
could be a way to signal something else, like an error code or a trigger for a 
response.

Another angle is considering if "ehlo" is part of a cipher or a substitution cipher 
where letters are replaced with numbers or symbols. For example, E=3, H=8, L=12, O=15. 
So E-H-L-O would be 3-8-12-15, which doesn't immediately make sense as a greeting.

Wait, maybe it's not about the letters but the word itself. "Ehlo" could be pronounced 
like "hello," so perhaps the user just meant to write that but made a typo. In that 
case, responding normally would be appropriate.

I should also consider if there's any cultural or slang usage of "ehlo." I'm not sure, 
but it doesn't ring a bell as a common term. So, it's probably either a typo or an 
intentional non-standard greeting.

Given all this, the safest and most neutral response is to treat it as a typo and greet 
them back with "Hello!" That way, regardless of their intention, I'm being polite and 
open for further conversation.
</think>

Hello! How can I assist you today?

>>> Can you write me Google Cloud code that lets me run a model through ollama local hosting 
... as efficiently as possible so I can make API requests to it
<think>
Alright, the user is asking about running a model using Ollama with 
Google Cloud. They want efficient code for local hosting and making API 
requests.

First, I need to outline the steps involved in setting up Ollama 
locally and exposing it via an API. The main components are installing 
Ollama, configuring the API, and handling requests properly.

I should provide a Python example because it's widely used and 
integrates well with Google Cloud. Using Flask makes sense for creating 
a simple server that handles HTTP requests.

Next, I'll need to write code that starts the Ollama server and the 
Flask app simultaneously. This ensures that both are running and can 
handle incoming requests.

For handling API requests, creating an endpoint in Flask is essential. 
This endpoint will pass the request to the Ollama server. I should 
include error handling to catch any issues during this process.

I'll also need to make sure the model is accessible via a specific 
endpoint, like /model endpoint, and that it returns the response 
correctly formatted as JSON.

Additionally, providing instructions on how to deploy this using Google 
Cloud's Compute Engine with a Docker container would be helpful. This 
allows the user to run everything efficiently in the cloud.

Finally, I'll include notes on dependencies and potential improvements, 
like scaling or authentication, so the user knows what to consider next 
steps.
</think>

Sure! Here's an example of how you can set up Ollama locally and expose 
it as an API endpoint using Google Cloud. This assumes you already have 
Ollama installed.

```python
import flask
from flask import Flask, request, jsonify
import subprocess

app = Flask(__name__)

def run_ollama_local():
    # Start the Ollama server in a new process
    subprocess.Popen(['ollama', 'serve'])
    
@app.route('/model', methods=['POST'])
def handle_request():
    try:
        # Get the model response from Ollama
        response = subprocess.check_output(
            ['ollama', 'call', 'your_model_name', 
request.json['prompt']]
        ).decode()
        
        return jsonify({
            'response': response,
            'status': 'success'
        })
    except Exception as e:
        return jsonify({
            'error': str(e),
            'status': 'error'
        })

# Start the Flask server
if __name__ == '__main__':
    run_ollama_local()
    app.run(debug=True, port=5000)
```

To use this code:

1. Replace `your_model_name` with your actual Ollama model name.
2. Make sure Ollama is installed and available in your path.

You can then deploy this as a Google Cloud Compute Engine instance 
using Docker:

```bash
gcloud compute create-instance --image 
docker.io/yourusername/ollama-api:latest --instance-name ollama-server
```

Key points:
- This code starts both the Ollama server and Flask API in separate 
processes.
- The `/model` endpoint accepts POST requests with a prompt and returns 
the model's response.
- Error handling is included to catch any issues during communication 
with Ollama.

You might want to consider:
- Scaling the solution using multiple instances or load balancers.
- Adding authentication if you don't want all traffic to go through the 
API.
- Implementing rate limiting to prevent abuse.

This setup allows you to efficiently run Ollama locally and expose it 
as an API endpoint for your application.














(venv) soumitty@Excalibur:~/web-ui$ python webui.py --ip 127.0.0.1 --port 7788
INFO     [browser_use] BrowserUse logging setup complete with level debug
DEBUG    [htmldate.validators] minimum date setting: 1995-01-01 00:00:00
INFO     [root] Anonymized telemetry enabled. See https://github.com/browser-use/browser-use for more information.
* Running on local URL:  http://127.0.0.1:7788

To create a public link, set `share=True` in `launch()`.
DEBUG    [browser] Initializing new browser
DEBUG    [browser] Initializing new browser context with id: f0edb2fc-c5ff-488a-99d4-2d80a746620b
DEBUG    [telemetry] Telemetry event: controller_registered_functions {'registered_functions': [{'name': 'done', 'params': {'properties': {'text': {'title': 'Text', 'type': 'string'}}, 'required': ['text'], 'title': 'DoneAction', 'type': 'object'}}, {'name': 'search_google', 'params': {'properties': {'query': {'title': 'Query', 'type': 'string'}}, 'required': ['query'], 'title': 'SearchGoogleAction', 'type': 'object'}}, {'name': 'go_to_url', 'params': {'properties': {'url': {'title': 'Url', 'type': 'string'}}, 'required': ['url'], 'title': 'GoToUrlAction', 'type': 'object'}}, {'name': 'go_back', 'params': {'properties': {}, 'title': 'go_back_parameters', 'type': 'object'}}, {'name': 'click_element', 'params': {'properties': {'index': {'title': 'Index', 'type': 'integer'}, 'xpath': {'anyOf': [{'type': 'string'}, {'type': 'null'}], 'default': None, 'title': 'Xpath'}}, 'required': ['index'], 'title': 'ClickElementAction', 'type': 'object'}}, {'name': 'input_text', 'params': {'properties': {'index': {'title': 'Index', 'type': 'integer'}, 'text': {'title': 'Text', 'type': 'string'}, 'xpath': {'anyOf': [{'type': 'string'}, {'type': 'null'}], 'default': None, 'title': 'Xpath'}}, 'required': ['index', 'text'], 'title': 'InputTextAction', 'type': 'object'}}, {'name': 'switch_tab', 'params': {'properties': {'page_id': {'title': 'Page Id', 'type': 'integer'}}, 'required': ['page_id'], 'title': 'SwitchTabAction', 'type': 'object'}}, {'name': 'open_tab', 'params': {'properties': {'url': {'title': 'Url', 'type': 'string'}}, 'required': ['url'], 'title': 'OpenTabAction', 'type': 'object'}}, {'name': 'extract_content', 'params': {'properties': {'include_links': {'title': 'Include Links', 'type': 'boolean'}}, 'required': ['include_links'], 'title': 'ExtractPageContentAction', 'type': 'object'}}, {'name': 'scroll_down', 'params': {'properties': {'amount': {'anyOf': [{'type': 'integer'}, {'type': 'null'}], 'default': None, 'title': 'Amount'}}, 'title': 'ScrollAction', 'type': 'object'}}, {'name': 'scroll_up', 'params': {'properties': {'amount': {'anyOf': [{'type': 'integer'}, {'type': 'null'}], 'default': None, 'title': 'Amount'}}, 'title': 'ScrollAction', 'type': 'object'}}, {'name': 'send_keys', 'params': {'properties': {'keys': {'title': 'Keys', 'type': 'string'}}, 'required': ['keys'], 'title': 'SendKeysAction', 'type': 'object'}}, {'name': 'scroll_to_text', 'params': {'properties': {'text': {'title': 'Text', 'type': 'string'}}, 'required': ['text'], 'title': 'scroll_to_text_parameters', 'type': 'object'}}, {'name': 'get_dropdown_options', 'params': {'properties': {'index': {'title': 'Index', 'type': 'integer'}}, 'required': ['index'], 'title': 'get_dropdown_options_parameters', 'type': 'object'}}, {'name': 'select_dropdown_option', 'params': {'properties': {'index': {'title': 'Index', 'type': 'integer'}, 'text': {'title': 'Text', 'type': 'string'}}, 'required': ['index', 'text'], 'title': 'select_dropdown_option_parameters', 'type': 'object'}}, {'name': 'copy_to_clipboard', 'params': {'properties': {'text': {'title': 'Text', 'type': 'string'}}, 'required': ['text'], 'title': 'copy_to_clipboard_parameters', 'type': 'object'}}, {'name': 'paste_from_clipboard', 'params': {'properties': {}, 'title': 'paste_from_clipboard_parameters', 'type': 'object'}}]}
DEBUG    [agent] Version: 0.1.29, Source: pip
INFO     [agent] 🚀 Starting task: go to google.com and type 'OpenAI' click search and give me the first url
DEBUG    [agent] Version: 0.1.29, Source: pip
DEBUG    [telemetry] Telemetry event: agent_run {'agent_id': '62c4e9c2-44c9-44e8-aaaa-6d0bfa14eb2d', 'use_vision': True, 'task': "go to google.com and type 'OpenAI' click search and give me the first url", 'model_name': 'deepseek-r1:8b', 'chat_model_library': 'DeepSeekR1ChatOllama', 'version': '0.1.29', 'source': 'pip'}
DEBUG    [browser_use] --get_state Execution time: 0.00 seconds
DEBUG    [browser] Initializing browser context
INFO     [backoff] Backing off send_request(...) for 0.0s (requests.exceptions.ConnectionError: HTTPSConnectionPool(host='eu.i.posthog.com', port=443): Max retries exceeded with url: /batch/ (Caused by NewConnectionError('<urllib3.connection.HTTPSConnection object at 0x7f754c8868a0>: Failed to establish a new connection: [Errno 111] Connection refused')))
INFO     [backoff] Backing off send_request(...) for 1.6s (requests.exceptions.ConnectionError: HTTPSConnectionPool(host='eu.i.posthog.com', port=443): Max retries exceeded with url: /batch/ (Caused by NewConnectionError('<urllib3.connection.HTTPSConnection object at 0x7f754db57920>: Failed to establish a new connection: [Errno 111] Connection refused')))
DEBUG    [browser] New page opened: about:blank
DEBUG    [browser] Network stabilized for 1 seconds
DEBUG    [browser] --Page loaded in 2.39 seconds, waiting for additional 0.00 seconds
INFO     [src.agent.custom_agent] 
📍 Step 1
DEBUG    [browser_use] --get_state Execution time: 0.00 seconds
INFO     [backoff] Backing off send_request(...) for 2.4s (requests.exceptions.ConnectionError: HTTPSConnectionPool(host='eu.i.posthog.com', port=443): Max retries exceeded with url: /batch/ (Caused by NewConnectionError('<urllib3.connection.HTTPSConnection object at 0x7f754db570e0>: Failed to establish a new connection: [Errno 111] Connection refused')))
DEBUG    [browser] Network stabilized for 1 seconds
DEBUG    [browser] --Page loaded in 1.02 seconds, waiting for additional 0.00 seconds
DEBUG    [message_manager] Messages in history: 2:
DEBUG    [message_manager] SystemMessage - Token count: 2949
DEBUG    [message_manager] HumanMessage - Token count: 894
DEBUG    [message_manager] Total input tokens: 3843
ERROR    [backoff] Giving up send_request(...) after 4 tries (requests.exceptions.ConnectionError: HTTPSConnectionPool(host='eu.i.posthog.com', port=443): Max retries exceeded with url: /batch/ (Caused by NewConnectionError('<urllib3.connection.HTTPSConnection object at 0x7f754db79130>: Failed to establish a new connection: [Errno 111] Connection refused')))
ERROR    [posthog] error uploading: HTTPSConnectionPool(host='eu.i.posthog.com', port=443): Max retries exceeded with url: /batch/ (Caused by NewConnectionError('<urllib3.connection.HTTPSConnection object at 0x7f754db79130>: Failed to establish a new connection: [Errno 111] Connection refused'))

// Note: The correct flag is --modelfile, not --modilefile or --modelefile.
// Note: The correct usage of the `ollama run` command requires at least one argument specifying the model name.
````

// Note: The correct usage of the `ollama run` command requires at least one argument specifying the model name.
